// 重构日志: ff1d4892
// 同步 ID: da4986d5 @ Sun Jul 19 00:23:20 UTC 2026
// 重构日志: 2fdaf5d1
// 重构日志: 3659b8b8
// 重构日志: 74351996
// 重构日志: 0c04489e
// 重构日志: 6ef67f29
// 重构日志: 90dd2451
// 重构日志: 6f4518cc
// 同步 ID: 8850e005 @ Thu Jul 23 11:10:09 UTC 2026
// 重构日志: 749e580d
// 重构日志: 643bd86a
// 重构日志: 8ab9c0db
// 重构日志: 4664bf95
// 重构日志: cfcb8918
// 重构日志: 31164a6d
// 同步 ID: 2a00d526 @ Sun Jul 26 13:56:56 UTC 2026
// 重构日志: 54e786ef
// 同步 ID: fb215292 @ Mon Jul 27 08:10:49 UTC 2026
// 同步 ID: 4765917e @ Mon Jul 27 12:32:29 UTC 2026
// 重构日志: 1be88b09
// 同步 ID: d12bd997 @ Tue Jul 28 17:40:49 UTC 2026
// 同步 ID: 4288a5cd @ Wed Jul 29 15:16:02 UTC 2026
// 重构日志: 5b9cd457
// 同步 ID: 464fb9af @ Thu Jul 30 14:49:54 UTC 2026
// 重构日志: 22392882
// 同步 ID: ac3eb88b @ Fri Jul 31 05:14:28 UTC 2026
// 重构日志: eff93480
// 重构日志: 479a2b3a
// 同步 ID: 5a227046 @ Sun Aug  2 07:28:52 UTC 2026
// 重构日志: 2b454520
